
> react-kavia@0.1.0 start
> react-scripts start

Attempting to bind to HOST environment variable: 0.0.0.0
If this was unintentional, check that you haven't mistakenly set it in your shell.
Learn more here: https://cra.link/advanced-config

(node:2168) [DEP_WEBPACK_DEV_SERVER_ON_AFTER_SETUP_MIDDLEWARE] DeprecationWarning: 'onAfterSetupMiddleware' option is deprecated. Please use the 'setupMiddlewares' option.
(Use `node --trace-deprecation ...` to show where the warning was created)
(node:2168) [DEP_WEBPACK_DEV_SERVER_ON_BEFORE_SETUP_MIDDLEWARE] DeprecationWarning: 'onBeforeSetupMiddleware' option is deprecated. Please use the 'setupMiddlewares' option.
Starting the development server...

Compiled with warnings.

[eslint] 
src/App.js
  Line 1:38:  'useRef' is defined but never used  no-unused-vars

Search for the keywords to learn more about each warning.
To ignore, add // eslint-disable-next-line to the line before.

WARNING in [eslint] 
src/App.js
  Line 1:38:  'useRef' is defined but never used  no-unused-vars

webpack compiled with 1 warning
Compiling...
Compiled with warnings.

[eslint] 
src/App.js
  Line 1:38:  'useRef' is defined but never used  no-unused-vars

Search for the keywords to learn more about each warning.
To ignore, add // eslint-disable-next-line to the line before.

WARNING in [eslint] 
src/App.js
  Line 1:38:  'useRef' is defined but never used  no-unused-vars

webpack compiled with 1 warning
Compiling...
Failed to compile.

[eslint] 
src/App.js
  Line 25:87:  'setShowHelp' is not defined  no-undef

Search for the keywords to learn more about each error.
WARNING in [eslint] 
src/App.js
  Line 1:38:   'useRef' is defined but never used                     no-unused-vars
  Line 13:7:   'HOW_TO_PLAY_TEXT' is assigned a value but never used  no-unused-vars
  Line 45:10:  'showHelp' is assigned a value but never used          no-unused-vars
  Line 45:20:  'setShowHelp' is assigned a value but never used       no-unused-vars

ERROR in [eslint] 
src/App.js
  Line 25:87:  'setShowHelp' is not defined  no-undef

Search for the keywords to learn more about each error.

webpack compiled with 1 error and 1 warning
Compiling...
Failed to compile.

[eslint] 
src/App.js
  Line 25:87:  'setShowHelp' is not defined  no-undef

Search for the keywords to learn more about each error.
WARNING in [eslint] 
src/App.js
  Line 1:38:  'useRef' is defined but never used  no-unused-vars

ERROR in [eslint] 
src/App.js
  Line 25:87:  'setShowHelp' is not defined  no-undef

Search for the keywords to learn more about each error.

webpack compiled with 1 error and 1 warning
Compiling...
Failed to compile.

Syntax error: /home/kavia/workspace/code-generation/adventurequest-95784-c03a30bd/rpg_game_frontend/src/App.css Unexpected } (305:1)
  303 |   transition: all 0.3s ease;
  304 |   box-shadow: 0 2px 4px rgba(0, 0, 0, 0.1);
> 305 | }
      | ^
  306 | 
  307 | .theme-toggle:hover {
WARNING in [eslint] 
src/App.js
  Line 1:38:  'useRef' is defined but never used  no-unused-vars

ERROR in ./src/App.css (./node_modules/css-loader/dist/cjs.js??ruleSet[1].rules[1].oneOf[5].use[1]!./node_modules/postcss-loader/dist/cjs.js??ruleSet[1].rules[1].oneOf[5].use[2]!./node_modules/source-map-loader/dist/cjs.js!./src/App.css)
Module build failed (from ./node_modules/postcss-loader/dist/cjs.js):
SyntaxError

(305:1) /home/kavia/workspace/code-generation/adventurequest-95784-c03a30bd/rpg_game_frontend/src/App.css Unexpected }

  303 |   transition: all 0.3s ease;
  304 |   box-shadow: 0 2px 4px rgba(0, 0, 0, 0.1);
> 305 | }
      | ^
  306 | 
  307 | .theme-toggle:hover {

ERROR in [eslint] 
src/App.js
  Line 25:87:  'setShowHelp' is not defined  no-undef

Search for the keywords to learn more about each error.

webpack compiled with 2 errors and 1 warning
Compiling...
Failed to compile.

Syntax error: /home/kavia/workspace/code-generation/adventurequest-95784-c03a30bd/rpg_game_frontend/src/App.css Unexpected } (305:1)
  303 |   transition: all 0.3s ease;
  304 |   box-shadow: 0 2px 4px rgba(0, 0, 0, 0.1);
> 305 | }
      | ^
  306 | 
  307 | .theme-toggle:hover {
WARNING in [eslint] 
src/App.js
  Line 1:38:  'useRef' is defined but never used  no-unused-vars

ERROR in ./src/App.css (./node_modules/css-loader/dist/cjs.js??ruleSet[1].rules[1].oneOf[5].use[1]!./node_modules/postcss-loader/dist/cjs.js??ruleSet[1].rules[1].oneOf[5].use[2]!./node_modules/source-map-loader/dist/cjs.js!./src/App.css)
Module build failed (from ./node_modules/postcss-loader/dist/cjs.js):
SyntaxError

(305:1) /home/kavia/workspace/code-generation/adventurequest-95784-c03a30bd/rpg_game_frontend/src/App.css Unexpected }

  303 |   transition: all 0.3s ease;
  304 |   box-shadow: 0 2px 4px rgba(0, 0, 0, 0.1);
> 305 | }
      | ^
  306 | 
  307 | .theme-toggle:hover {

ERROR in [eslint] 
src/App.js
  Line 25:87:  'setShowHelp' is not defined  no-undef

Search for the keywords to learn more about each error.

webpack compiled with 2 errors and 1 warning
Compiling...
Failed to compile.

[eslint] 
src/App.js
  Line 25:87:  'setShowHelp' is not defined  no-undef

Search for the keywords to learn more about each error.
WARNING in [eslint] 
src/App.js
  Line 1:38:  'useRef' is defined but never used  no-unused-vars

ERROR in [eslint] 
src/App.js
  Line 25:87:  'setShowHelp' is not defined  no-undef

Search for the keywords to learn more about each error.

webpack compiled with 1 error and 1 warning
Compiling...
Failed to compile.

[eslint] 
src/App.js
  Line 310:14:  'HOW_TO_PLAY_TEXT' is not defined  no-undef

Search for the keywords to learn more about each error.
WARNING in [eslint] 
src/App.js
  Line 1:38:   'useRef' is defined but never used         no-unused-vars
  Line 13:10:  'HowToPlayText' is defined but never used  no-unused-vars

ERROR in [eslint] 
src/App.js
  Line 310:14:  'HOW_TO_PLAY_TEXT' is not defined  no-undef

Search for the keywords to learn more about each error.

webpack compiled with 1 error and 1 warning
Compiling...
Compiled with warnings.

[eslint] 
src/App.js
  Line 1:38:  'useRef' is defined but never used  no-unused-vars

Search for the keywords to learn more about each warning.
To ignore, add // eslint-disable-next-line to the line before.

WARNING in [eslint] 
src/App.js
  Line 1:38:  'useRef' is defined but never used  no-unused-vars

webpack compiled with 1 warning
